[0m[1mgoogle_compute_network.aleex_vpc: Refreshing state... [id=projects/rank-mdr/global/networks/aleex-vpc][0m
[0m[1mgoogle_compute_disk.db_volume["honey-2"]: Refreshing state... [id=projects/rank-mdr/zones/us-west2-b/disks/volume-honey-2][0m
[0m[1mgoogle_compute_disk.db_volume["honey-1"]: Refreshing state... [id=projects/rank-mdr/zones/asia-east1-a/disks/volume-honey-1][0m
[0m[1mgoogle_compute_disk.db_volume["hive"]: Refreshing state... [id=projects/rank-mdr/zones/europe-west4-a/disks/volume-hive][0m
[0m[1mgoogle_compute_firewall.honey: Refreshing state... [id=projects/rank-mdr/global/firewalls/aleex-honey-firewall][0m
[0m[1mgoogle_compute_instance.honey["honey-2"]: Refreshing state... [id=projects/rank-mdr/zones/us-west2-b/instances/honey-2][0m
[0m[1mgoogle_compute_instance.honey["hive"]: Refreshing state... [id=projects/rank-mdr/zones/europe-west4-a/instances/hive][0m
[0m[1mgoogle_compute_instance.honey["honey-1"]: Refreshing state... [id=projects/rank-mdr/zones/asia-east1-a/instances/honey-1][0m
[0m[1mnull_resource.tpotce_hive_install["hive"]: Refreshing state... [id=1591294943344405184][0m
[0m[1mnull_resource.tpotce_sensor_install["honey-1"]: Refreshing state... [id=4261920294445204340][0m
[0m[1mnull_resource.tpotce_reboot[0]: Refreshing state... [id=1039391825098091918][0m
[0m[1mnull_resource.tpotce_sensor_install["honey-2"]: Refreshing state... [id=710364409481691908][0m
[0m[1mnull_resource.tpotce_hive_key["hive"]: Refreshing state... [id=6660936145188748543][0m
[0m[1mnull_resource.tpotce_sensor_key["honey-2"]: Refreshing state... [id=3484885898613703649][0m
[0m[1mnull_resource.tpotce_sensor_key["honey-1"]: Refreshing state... [id=7568401956840845275][0m
[0m[1mnull_resource.tpotce_deploy_sensors: Refreshing state... [id=6491357886512708334][0m

Terraform used the selected providers to generate the following execution
plan. Resource actions are indicated with the following symbols:
  [31m-[0m destroy[0m
[31m-[0m/[32m+[0m destroy and then create replacement[0m

Terraform will perform the following actions:

[1m  # null_resource.tpotce_deploy_sensors[0m is tainted, so must be [1m[31mreplaced[0m
[0m[31m-[0m/[32m+[0m[0m resource "null_resource" "tpotce_deploy_sensors" {
      [33m~[0m[0m id       = "6491357886512708334" -> (known after apply)
      [33m~[0m[0m triggers = {
          [33m~[0m[0m "always_run" = "2026-03-14T14:32:39Z" -> (known after apply)
        }
    }

[1m  # null_resource.tpotce_hive_key["hive"][0m must be [1m[31mreplaced[0m
[0m[31m-[0m/[32m+[0m[0m resource "null_resource" "tpotce_hive_key" {
      [33m~[0m[0m id       = "6660936145188748543" -> (known after apply)
      [33m~[0m[0m triggers = { [31m# forces replacement[0m[0m
          [33m~[0m[0m "always_run" = "2026-03-14T14:26:58Z" -> (known after apply)
        }
    }

[1m  # null_resource.tpotce_reboot[0][0m will be [1m[31mdestroyed[0m
  # (because index [0] is out of range for count)
[0m  [31m-[0m[0m resource "null_resource" "tpotce_reboot" {
      [31m-[0m[0m id       = "1039391825098091918" [90m-> null[0m[0m
      [31m-[0m[0m triggers = {
          [31m-[0m[0m "always_run" = "2026-03-14T14:32:46Z"
        } [90m-> null[0m[0m
    }

[1m  # null_resource.tpotce_sensor_key["honey-1"][0m must be [1m[31mreplaced[0m
[0m[31m-[0m/[32m+[0m[0m resource "null_resource" "tpotce_sensor_key" {
      [33m~[0m[0m id       = "7568401956840845275" -> (known after apply)
      [33m~[0m[0m triggers = { [31m# forces replacement[0m[0m
          [33m~[0m[0m "always_run" = "2026-03-14T14:32:36Z" -> (known after apply)
        }
    }

[1m  # null_resource.tpotce_sensor_key["honey-2"][0m must be [1m[31mreplaced[0m
[0m[31m-[0m/[32m+[0m[0m resource "null_resource" "tpotce_sensor_key" {
      [33m~[0m[0m id       = "3484885898613703649" -> (known after apply)
      [33m~[0m[0m triggers = { [31m# forces replacement[0m[0m
          [33m~[0m[0m "always_run" = "2026-03-14T14:32:36Z" -> (known after apply)
        }
    }

[1mPlan:[0m 4 to add, 0 to change, 5 to destroy.
[0m[0m[1m
Do you want to perform these actions?[0m
  Terraform will perform the actions described above.
  Only 'yes' will be accepted to approve.

  [1mEnter a value:[0m [0m
[0m[1mnull_resource.tpotce_deploy_sensors: Destroying... [id=6491357886512708334][0m[0m
[0m[1mnull_resource.tpotce_reboot[0]: Destroying... [id=1039391825098091918][0m[0m
[0m[1mnull_resource.tpotce_deploy_sensors: Destruction complete after 0s[0m
[0m[1mnull_resource.tpotce_reboot[0]: Destruction complete after 0s[0m
[0m[1mnull_resource.tpotce_sensor_key["honey-1"]: Destroying... [id=7568401956840845275][0m[0m
[0m[1mnull_resource.tpotce_sensor_key["honey-2"]: Destroying... [id=3484885898613703649][0m[0m
[0m[1mnull_resource.tpotce_sensor_key["honey-1"]: Destruction complete after 0s[0m
[0m[1mnull_resource.tpotce_sensor_key["honey-2"]: Destruction complete after 0s[0m
[0m[1mnull_resource.tpotce_hive_key["hive"]: Destroying... [id=6660936145188748543][0m[0m
[0m[1mnull_resource.tpotce_hive_key["hive"]: Destruction complete after 0s[0m
[0m[1mnull_resource.tpotce_hive_key["hive"]: Creating...[0m[0m
[0m[1mnull_resource.tpotce_hive_key["hive"]: Provisioning with 'local-exec'...[0m[0m
[0m[1mnull_resource.tpotce_hive_key["hive"] (local-exec):[0m [0mExecuting: ["bash" "-c" "        echo \"WAITING FOR HIVE TO REBOOT\"\n        sleep 240\n        echo \"WAKING UP\"\n        cp ~/.ssh/known_hosts ~/.ssh/known_hosts.backup\n        grep -v \":64295\" ~/.ssh/known_hosts.backup > ~/.ssh/known_hosts\n        echo \"GENERATING/UPLOADING SSH KEY\"\n        [ -e id_rsa ] || ssh-keygen -t rsa -b 4096 -f id_rsa -N '' -q\n        scp -i ~/.ssh/terraform \\\n            -o BatchMode=yes \\\n            -o StrictHostKeyChecking=no \\\n            -P 64295  \\\n            id_rsa* \\\n            aleex@34.91.176.82:~/.ssh/\n        echo \"GENERATING SSL CERT\"\n        ssh -i ~/.ssh/terraform \\\n            -o BatchMode=yes \\\n            -o StrictHostKeyChecking=no \\\n            -p 64295  \\\n            aleex@34.91.176.82 \\\n        <<INPUT\necho \"*******************************************\"\necho \"*******************************************\"\necho \"*******************************************\"\necho \"*******************************************\"\necho \"SSL CERTIFICATE\"\necho \"*******************************************\"\necho \"*******************************************\"\necho \"*******************************************\"\necho \"*******************************************\"\nopenssl req \\\n    -nodes \\\n    -x509 \\\n    -sha512 \\\n    -newkey rsa:8192 \\\n    -keyout ~/tpotce/nginx.key \\\n    -out ~/tpotce/nginx.crt \\\n    -days 365 \\\n    -subj '/C=ES/ST=Madrid/O=Aleex/CN=internal-web' \\\n    -addext 'subjectAltName=IP:172.17.0.1,IP:34.91.176.82'\nsudo mkdir -p ~/tpotce/data/nginx/cert/\nsudo cp ~/tpotce/nginx.key ~/tpotce/nginx.crt ~/tpotce/data/nginx/cert/\nsudo chmod 774 ~/tpotce/data/nginx/cert/*\nsudo chown tpot:tpot ~/tpotce/data/nginx/cert/*\nINPUT\n"]
[0m[1mnull_resource.tpotce_hive_key["hive"] (local-exec):[0m [0mWAITING FOR HIVE TO REBOOT
[0m[1mnull_resource.tpotce_hive_key["hive"]: Still creating... [10s elapsed][0m[0m
[0m[1mnull_resource.tpotce_hive_key["hive"]: Still creating... [20s elapsed][0m[0m
[0m[1mnull_resource.tpotce_hive_key["hive"]: Still creating... [30s elapsed][0m[0m
[0m[1mnull_resource.tpotce_hive_key["hive"]: Still creating... [40s elapsed][0m[0m
[0m[1mnull_resource.tpotce_hive_key["hive"]: Still creating... [50s elapsed][0m[0m
[0m[1mnull_resource.tpotce_hive_key["hive"]: Still creating... [1m0s elapsed][0m[0m
[0m[1mnull_resource.tpotce_hive_key["hive"]: Still creating... [1m10s elapsed][0m[0m
[0m[1mnull_resource.tpotce_hive_key["hive"]: Still creating... [1m20s elapsed][0m[0m
[0m[1mnull_resource.tpotce_hive_key["hive"]: Still creating... [1m30s elapsed][0m[0m
[0m[1mnull_resource.tpotce_hive_key["hive"]: Still creating... [1m40s elapsed][0m[0m
[0m[1mnull_resource.tpotce_hive_key["hive"]: Still creating... [1m50s elapsed][0m[0m
[0m[1mnull_resource.tpotce_hive_key["hive"]: Still creating... [2m0s elapsed][0m[0m
[0m[1mnull_resource.tpotce_hive_key["hive"]: Still creating... [2m10s elapsed][0m[0m
[0m[1mnull_resource.tpotce_hive_key["hive"]: Still creating... [2m20s elapsed][0m[0m
[0m[1mnull_resource.tpotce_hive_key["hive"]: Still creating... [2m30s elapsed][0m[0m
[0m[1mnull_resource.tpotce_hive_key["hive"]: Still creating... [2m40s elapsed][0m[0m
[0m[1mnull_resource.tpotce_hive_key["hive"]: Still creating... [2m50s elapsed][0m[0m
[0m[1mnull_resource.tpotce_hive_key["hive"]: Still creating... [3m0s elapsed][0m[0m
[0m[1mnull_resource.tpotce_hive_key["hive"]: Still creating... [3m10s elapsed][0m[0m
[0m[1mnull_resource.tpotce_hive_key["hive"]: Still creating... [3m20s elapsed][0m[0m
[0m[1mnull_resource.tpotce_hive_key["hive"]: Still creating... [3m30s elapsed][0m[0m
[0m[1mnull_resource.tpotce_hive_key["hive"]: Still creating... [3m40s elapsed][0m[0m
[0m[1mnull_resource.tpotce_hive_key["hive"]: Still creating... [3m50s elapsed][0m[0m
[0m[1mnull_resource.tpotce_hive_key["hive"] (local-exec):[0m [0mWAKING UP
[0m[1mnull_resource.tpotce_hive_key["hive"]: Still creating... [4m0s elapsed][0m[0m
[0m[1mnull_resource.tpotce_hive_key["hive"] (local-exec):[0m [0mGENERATING/UPLOADING SSH KEY
[0m[1mnull_resource.tpotce_hive_key["hive"] (local-exec):[0m [0mWarning: Permanently added '[34.91.176.82]:64295' (ED25519) to the list of known hosts.
[0m[1mnull_resource.tpotce_hive_key["hive"]: Still creating... [4m10s elapsed][0m[0m
[0m[1mnull_resource.tpotce_hive_key["hive"] (local-exec):[0m [0mGENERATING SSL CERT
[0m[1mnull_resource.tpotce_hive_key["hive"] (local-exec):[0m [0mPseudo-terminal will not be allocated because stdin is not a terminal.
[0m[1mnull_resource.tpotce_hive_key["hive"]: Still creating... [4m20s elapsed][0m[0m
[0m[1mnull_resource.tpotce_hive_key["hive"]: Still creating... [4m30s elapsed][0m[0m
[0m[1mnull_resource.tpotce_hive_key["hive"]: Still creating... [4m40s elapsed][0m[0m
[0m[1mnull_resource.tpotce_hive_key["hive"]: Still creating... [4m50s elapsed][0m[0m
[0m[1mnull_resource.tpotce_hive_key["hive"]: Still creating... [5m0s elapsed][0m[0m
[0m[1mnull_resource.tpotce_hive_key["hive"]: Still creating... [5m10s elapsed][0m[0m
[0m[1mnull_resource.tpotce_hive_key["hive"]: Still creating... [5m20s elapsed][0m[0m
[0m[1mnull_resource.tpotce_hive_key["hive"] (local-exec):[0m [0mssh: connect to host 34.91.176.82 port 64295: Operation timed out
